============================= test session starts =============================
platform win32 -- Python 3.10.11, pytest-8.4.2, pluggy-1.6.0
rootdir: D:\SocialCode\backend
plugins: anyio-4.11.0, html-4.0.2, metadata-3.1.1, ordering-0.6, rerunfailures-16.1, xdist-3.8.0, seleniumbase-4.44.15
collected 0 items / 1 error

=================================== ERRORS ====================================
_______________________ ERROR collecting test_suite.py ________________________
ImportError while importing test module 'D:\SocialCode\backend\test_suite.py'.
Hint: make sure your test modules/packages have valid Python names.
Traceback:
C:\Users\DELL\AppData\Local\Programs\Python\Python310\lib\importlib\__init__.py:126: in import_module
    return _bootstrap._gcd_import(name[level:], package, level)
test_suite.py:5: in <module>
    from api_server import app
api_server.py:12: in <module>
    from multimodal_service import transcribe_audio, analyze_image
multimodal_service.py:5: in <module>
    import clip
E   ModuleNotFoundError: No module named 'clip'
=========================== short test summary info ===========================
ERROR test_suite.py
!!!!!!!!!!!!!!!!!!! Interrupted: 1 error during collection !!!!!!!!!!!!!!!!!!!!
============================== 1 error in 11.05s ==============================
